---
source: src/raw_upload.rs
expression: results
input_file: tests/junit-nested-testsuite.xml
---
- framework: Pytest
  testruns:
    - name: "test_junit[junit.xml--True]"
      classname: tests.test_parsers.TestParsers
      duration: 0.186
      outcome: Failure
      testsuite: nested_testsuite
      failure_message: aaaaaaa
      filename: ~
      build_url: ~
      computed_name: ~
    - name: "test_junit[jest-junit.xml--False]"
      classname: tests.test_parsers.TestParsers
      duration: 0.186
      outcome: Pass
      testsuite: pytest
      failure_message: ~
      filename: ~
      build_url: ~
      computed_name: "tests.test_parsers.TestParsers::test_junit[jest-junit.xml--False]"
